[www.vasterad.com/themes/trizzy/index.html]
[backblue.gif]
[fade.gif]
[index.html]
[www.vasterad.com/themes/trizzy/index-2.html]
[www.vasterad.com/themes/trizzy/images/logo.png]
[www.vasterad.com/themes/trizzy/shopping-cart.html]
[www.vasterad.com/themes/trizzy/wishlist.html]
[www.vasterad.com/themes/trizzy/checkout-billing-details.html]
[www.vasterad.com/themes/trizzy/my-account.html]
[www.vasterad.com/themes/trizzy/images/small_product_list_08.jpg]
[www.vasterad.com/themes/trizzy/images/small_product_list_09.jpg]
[www.vasterad.com/themes/trizzy/shop-with-sidebar.html]
[www.vasterad.com/themes/trizzy/shop-with-adv-search.html]
[www.vasterad.com/themes/trizzy/shop-full-width.html]
[www.vasterad.com/themes/trizzy/shop-categories-grid.html]
[www.vasterad.com/themes/trizzy/single-product-page.html]
[www.vasterad.com/themes/trizzy/variable-product-page.html]
[www.vasterad.com/themes/trizzy/contact.html]
[www.vasterad.com/themes/trizzy/about.html]
[www.vasterad.com/themes/trizzy/services.html]
[www.vasterad.com/themes/trizzy/faq.html]
[www.vasterad.com/themes/trizzy/404-page.html]
[www.vasterad.com/themes/trizzy/index-3.html]
[www.vasterad.com/themes/trizzy/blog-masonry.html]
[www.vasterad.com/themes/trizzy/portfolio-dynamic-grid.html]
[www.vasterad.com/themes/trizzy/images/menu-banner-01.jpg]
[www.vasterad.com/themes/trizzy/images/menu-banner-02.jpg]
[www.vasterad.com/themes/trizzy/elements.html]
[www.vasterad.com/themes/trizzy/typography.html]
[www.vasterad.com/themes/trizzy/pricing-tables.html]
[www.vasterad.com/themes/trizzy/icons.html]
[www.vasterad.com/themes/trizzy/portfolio-3-columns.html]
[www.vasterad.com/themes/trizzy/portfolio-4-columns.html]
[www.vasterad.com/themes/trizzy/single-project.html]
[www.vasterad.com/themes/trizzy/blog-standard.html]
[www.vasterad.com/themes/trizzy/blog-single-post.html]
[www.vasterad.com/themes/trizzy/images/slider2.jpg]
[www.vasterad.com/themes/trizzy/images/slider.jpg]
[www.vasterad.com/themes/trizzy/images/slider3.jpg]
[www.vasterad.com/themes/trizzy/images/featured_img_1.jpg]
[www.vasterad.com/themes/trizzy/images/featured_img_2.jpg]
[www.vasterad.com/themes/trizzy/images/featured_img_3.jpg]
[www.vasterad.com/themes/trizzy/images/shop_item_01.jpg]
[www.vasterad.com/themes/trizzy/images/shop_item_01_hover.jpg]
[www.vasterad.com/themes/trizzy/images/shop_item_02.jpg]
[www.vasterad.com/themes/trizzy/images/shop_item_02_hover.jpg]
[www.vasterad.com/themes/trizzy/images/shop_item_03.jpg]
[www.vasterad.com/themes/trizzy/images/shop_item_03_hover.jpg]
[www.vasterad.com/themes/trizzy/images/shop_item_04.jpg]
[www.vasterad.com/themes/trizzy/images/shop_item_04_hover.jpg]
[www.vasterad.com/themes/trizzy/images/shop_item_05.jpg]
[www.vasterad.com/themes/trizzy/images/shop_item_05_hover.jpg]
[www.vasterad.com/themes/trizzy/images/shop_item_06.jpg]
[www.vasterad.com/themes/trizzy/images/shop_item_06_hover.jpg]
[www.vasterad.com/themes/trizzy/images/parallax.jpg]
[www.vasterad.com/themes/trizzy/images/small_product_list_01.jpg]
[www.vasterad.com/themes/trizzy/images/small_product_list_02.jpg]
[www.vasterad.com/themes/trizzy/images/small_product_list_03.jpg]
[www.vasterad.com/themes/trizzy/images/small_product_list_04.jpg]
[www.vasterad.com/themes/trizzy/images/small_product_list_05.jpg]
[www.vasterad.com/themes/trizzy/images/small_product_list_06.jpg]
[www.vasterad.com/themes/trizzy/images/small_product_list_07.jpg]
[www.vasterad.com/themes/trizzy/images/from_the_blog_01.jpg]
[www.vasterad.com/themes/trizzy/images/from_the_blog_02.jpg]
[www.vasterad.com/themes/trizzy/images/from_the_blog_03.jpg]
[www.vasterad.com/themes/trizzy/images/from_the_blog_04.jpg]
[www.vasterad.com/themes/trizzy/images/logo-footer.png]
[www.vasterad.com/themes/trizzy/images/visa.png]
[www.vasterad.com/themes/trizzy/images/mastercard.png]
[www.vasterad.com/themes/trizzy/images/skrill.png]
[www.vasterad.com/themes/trizzy/images/moneybookers.png]
[www.vasterad.com/themes/trizzy/images/paypal.png]
[code.jquery.com/jquery-1.11.0.min.js]
[code.jquery.com/jquery-migrate-1.2.1.min.js]
[www.vasterad.com/themes/trizzy/scripts/jquery.jpanelmenu.js]
[www.vasterad.com/themes/trizzy/scripts/jquery.themepunch.plugins.min.js]
[www.vasterad.com/themes/trizzy/scripts/jquery.themepunch.revolution.min.js]
[www.vasterad.com/themes/trizzy/scripts/jquery.themepunch.showbizpro.min.js]
[www.vasterad.com/themes/trizzy/scripts/jquery.magnific-popup.min.js]
[www.vasterad.com/themes/trizzy/scripts/hoverIntent.js]
[www.vasterad.com/themes/trizzy/scripts/superfish.js]
[www.vasterad.com/themes/trizzy/scripts/jquery.pureparallax.js]
[www.vasterad.com/themes/trizzy/scripts/jquery.pricefilter.js]
[www.vasterad.com/themes/trizzy/scripts/jquery.selectric.min.js]
[www.vasterad.com/themes/trizzy/scripts/jquery.royalslider.min.js]
[www.vasterad.com/themes/trizzy/scripts/SelectBox.js]
[www.vasterad.com/themes/trizzy/scripts/modernizr.custom.js]
[www.vasterad.com/themes/trizzy/scripts/waypoints.min.js]
[www.vasterad.com/themes/trizzy/scripts/jquery.flexslider-min.js]
[www.vasterad.com/themes/trizzy/scripts/jquery.counterup.min.js]
[www.vasterad.com/themes/trizzy/scripts/jquery.tooltips.min.js]
[www.vasterad.com/themes/trizzy/scripts/jquery.isotope.min.js]
[www.vasterad.com/themes/trizzy/scripts/puregrid.js]
[www.vasterad.com/themes/trizzy/scripts/stacktable.js]
[www.vasterad.com/themes/trizzy/scripts/custom.js]
[www.vasterad.com/themes/trizzy/scripts/switcher.js]
[www.vasterad.com/themes/trizzy/index.html]
[www.vasterad.com/themes/trizzy/fonts/fontello0bee.eot]
[www.vasterad.com/themes/trizzy/fonts/fontello0bee.woff]
[www.vasterad.com/themes/trizzy/fonts/fontello0bee.ttf]
[www.vasterad.com/themes/trizzy/images/alert_boxes_close_ico.png]
[www.vasterad.com/themes/trizzy/images/down_arrow_select.png]
[www.vasterad.com/themes/trizzy/images/home.png]
[www.vasterad.com/themes/trizzy/images/adv-search.jpg]
[www.vasterad.com/themes/trizzy/images/comments-divider.png]
[www.vasterad.com/themes/trizzy/images/loader.gif]
[www.vasterad.com/themes/trizzy/images/loading.png]
[www.vasterad.com/themes/trizzy/images/switcher.png]
[www.vasterad.com/themes/trizzy/images/bg/squared_metal.png]
[www.vasterad.com/themes/trizzy/images/bg/retina_wood.png]
[www.vasterad.com/themes/trizzy/images/bg/brushed_alu.png]
[www.vasterad.com/themes/trizzy/images/bg/crisp_paper_ruffles.png]
[www.vasterad.com/themes/trizzy/images/bg/navy_blue.png]
[www.vasterad.com/themes/trizzy/images/bg/bedge_grunge.png]
[www.vasterad.com/themes/trizzy/images/bg/diamond_upholstery.png]
[www.vasterad.com/themes/trizzy/images/bg/shattered.png]
[www.vasterad.com/themes/trizzy/images/bg/light_toast.png]
[www.vasterad.com/themes/trizzy/images/bg/noise_pattern_with_crosslines.png]
[www.vasterad.com/themes/trizzy/images/bg/purty_wood.png]
[www.vasterad.com/themes/trizzy/images/bg/subtle_stripes.png]
[www.vasterad.com/themes/trizzy/images/bg/textured_stripes.png]
[www.vasterad.com/themes/trizzy/images/bg/tileable_wood_texture.png]
[www.vasterad.com/themes/trizzy/images/bg/stardust.png]
[www.vasterad.com/themes/trizzy/images/bg/vichy.png]
[www.vasterad.com/themes/trizzy/css/style.css]
[www.vasterad.com/themes/trizzy/css/colors/green.css]
[www.vasterad.com/themes/trizzy/index-2.html]
[www.vasterad.com/themes/trizzy/shopping-cart.html]
[www.vasterad.com/themes/trizzy/wishlist.html]
[www.vasterad.com/themes/trizzy/checkout-delivery.html]
[www.vasterad.com/themes/trizzy/checkout-payment-order-review.html]
[www.vasterad.com/themes/trizzy/checkout-billing-details.html]
[www.vasterad.com/themes/trizzy/my-account.html]
[www.vasterad.com/themes/trizzy/images/titlebar_bg_01.jpg]
[www.vasterad.com/themes/trizzy/images/shop_item_07.jpg]
[www.vasterad.com/themes/trizzy/images/shop_item_07_hover.jpg]
[www.vasterad.com/themes/trizzy/images/shop_item_08.jpg]
[www.vasterad.com/themes/trizzy/images/shop_item_08_hover.jpg]
[www.vasterad.com/themes/trizzy/images/shop_item_09.jpg]
[www.vasterad.com/themes/trizzy/images/shop_item_09_hover.jpg]
[www.vasterad.com/themes/trizzy/shop-with-sidebar.html]
[www.vasterad.com/themes/trizzy/shop-with-adv-search.html]
[www.vasterad.com/themes/trizzy/shop-full-width.html]
[www.vasterad.com/themes/trizzy/images/product_category_01.jpg]
[www.vasterad.com/themes/trizzy/images/product_category_02.jpg]
[www.vasterad.com/themes/trizzy/images/product_category_03.jpg]
[www.vasterad.com/themes/trizzy/images/product_category_04.jpg]
[www.vasterad.com/themes/trizzy/images/product_category_05.jpg]
[www.vasterad.com/themes/trizzy/images/product_category_06.jpg]
[www.vasterad.com/themes/trizzy/shop-categories-grid.html]
[www.vasterad.com/themes/trizzy/images/product_item_04a-big.jpg]
[www.vasterad.com/themes/trizzy/images/product_item_04a.jpg]
[www.vasterad.com/themes/trizzy/images/product_item_04b-big.jpg]
[www.vasterad.com/themes/trizzy/images/product_item_04b.jpg]
[www.vasterad.com/themes/trizzy/images/product_item_04c-big.jpg]
[www.vasterad.com/themes/trizzy/images/product_item_04c.jpg]
[www.vasterad.com/themes/trizzy/single-product-page.html]
[www.vasterad.com/themes/trizzy/images/product_item_01a.jpg]
[www.vasterad.com/themes/trizzy/images/product_item_02a.jpg]
[www.vasterad.com/themes/trizzy/images/product_item_03a.jpg]
[www.vasterad.com/themes/trizzy/images/product_item_01b.jpg]
[www.vasterad.com/themes/trizzy/images/product_item_02b.jpg]
[www.vasterad.com/themes/trizzy/images/product_item_03b.jpg]
[www.vasterad.com/themes/trizzy/images/product_item_01c.jpg]
[www.vasterad.com/themes/trizzy/images/product_item_02c.jpg]
[www.vasterad.com/themes/trizzy/images/product_item_03c.jpg]
[www.vasterad.com/themes/trizzy/variable-product-page.html]
[www.vasterad.com/themes/trizzy/scripts/jquery.gmaps.min.js]
[www.vasterad.com/themes/trizzy/contact.html]
[www.vasterad.com/themes/trizzy/images/parallax_03.jpg]
[www.vasterad.com/themes/trizzy/images/team-01.jpg]
[www.vasterad.com/themes/trizzy/images/team-02.jpg]
[www.vasterad.com/themes/trizzy/images/team-03.jpg]
[www.vasterad.com/themes/trizzy/about.html]
[www.vasterad.com/themes/trizzy/images/service.jpg]
[www.vasterad.com/themes/trizzy/images/logo-01.png]
[www.vasterad.com/themes/trizzy/images/logo-02.png]
[www.vasterad.com/themes/trizzy/images/logo-03.png]
[www.vasterad.com/themes/trizzy/images/logo-04.png]
[www.vasterad.com/themes/trizzy/images/logo-05.png]
[www.vasterad.com/themes/trizzy/images/logo-06.png]
[www.vasterad.com/themes/trizzy/images/logo-07.png]
[www.vasterad.com/themes/trizzy/services.html]
[www.vasterad.com/themes/trizzy/faq.html]
[www.vasterad.com/themes/trizzy/404-page.html]
[www.vasterad.com/themes/trizzy/images/slider4.jpg]
[www.vasterad.com/themes/trizzy/images/slider5.jpg]
[www.vasterad.com/themes/trizzy/images/portfolio/portfolio-01.jpg]
[www.vasterad.com/themes/trizzy/images/portfolio/portfolio-02.jpg]
[www.vasterad.com/themes/trizzy/images/portfolio/portfolio-03.jpg]
[www.vasterad.com/themes/trizzy/images/portfolio/portfolio-04.jpg]
[www.vasterad.com/themes/trizzy/images/portfolio/portfolio-05.jpg]
[www.vasterad.com/themes/trizzy/images/portfolio/portfolio-06.jpg]
[www.vasterad.com/themes/trizzy/index-3.html]
[www.vasterad.com/themes/trizzy/blog-masonry.html]
[www.vasterad.com/themes/trizzy/images/portfolio/portfolio-01a.jpg]
[www.vasterad.com/themes/trizzy/images/portfolio/portfolio-02a.jpg]
[www.vasterad.com/themes/trizzy/images/portfolio/portfolio-03a.jpg]
[www.vasterad.com/themes/trizzy/images/portfolio/portfolio-03b.jpg]
[www.vasterad.com/themes/trizzy/images/portfolio/portfolio-04a.jpg]
[www.vasterad.com/themes/trizzy/images/portfolio/portfolio-05a.jpg]
[www.vasterad.com/themes/trizzy/images/portfolio/portfolio-06a.jpg]
[www.vasterad.com/themes/trizzy/images/portfolio/portfolio-06b.jpg]
[www.vasterad.com/themes/trizzy/images/portfolio/portfolio-07.jpg]
[www.vasterad.com/themes/trizzy/images/portfolio/portfolio-07a.jpg]
[www.vasterad.com/themes/trizzy/images/portfolio/portfolio-08.jpg]
[www.vasterad.com/themes/trizzy/images/portfolio/portfolio-08a.jpg]
[www.vasterad.com/themes/trizzy/images/portfolio/portfolio-08b.jpg]
[www.vasterad.com/themes/trizzy/images/portfolio/portfolio-09.jpg]
[www.vasterad.com/themes/trizzy/images/portfolio/portfolio-09a.jpg]
[www.vasterad.com/themes/trizzy/images/portfolio/portfolio-09b.jpg]
[www.vasterad.com/themes/trizzy/images/portfolio/portfolio-10.jpg]
[www.vasterad.com/themes/trizzy/images/portfolio/portfolio-10a.jpg]
[www.vasterad.com/themes/trizzy/images/portfolio/portfolio-11.jpg]
[www.vasterad.com/themes/trizzy/images/portfolio/portfolio-11a.jpg]
[www.vasterad.com/themes/trizzy/images/portfolio/portfolio-12.jpg]
[www.vasterad.com/themes/trizzy/images/portfolio/portfolio-12a.jpg]
[www.vasterad.com/themes/trizzy/portfolio-dynamic-grid.html]
[www.vasterad.com/themes/trizzy/images/titlebar_bg_02.jpg]
[www.vasterad.com/themes/trizzy/images/parallax_02.jpg]
[www.vasterad.com/themes/trizzy/images/caption-hover-effect_01.jpg]
[www.vasterad.com/themes/trizzy/images/caption-hover-effect_02.jpg]
[www.vasterad.com/themes/trizzy/images/caption-hover-effect_03.jpg]
[www.vasterad.com/themes/trizzy/images/happy-clients-01.jpg]
[www.vasterad.com/themes/trizzy/images/happy-clients-02.jpg]
[www.vasterad.com/themes/trizzy/images/happy-clients-03.jpg]
[www.vasterad.com/themes/trizzy/elements.html]
[www.vasterad.com/themes/trizzy/images/lightbox-sample-01a.jpg]
[www.vasterad.com/themes/trizzy/images/lightbox-sample-01b.jpg]
[www.vasterad.com/themes/trizzy/images/lightbox-sample-02a.jpg]
[www.vasterad.com/themes/trizzy/images/lightbox-sample-02b.jpg]
[www.vasterad.com/themes/trizzy/images/lightbox-sample-03a.jpg]
[www.vasterad.com/themes/trizzy/images/lightbox-sample-03b.jpg]
[www.vasterad.com/themes/trizzy/images/lightbox-sample-04a.jpg]
[www.vasterad.com/themes/trizzy/images/lightbox-sample-04b.jpg]
[www.vasterad.com/themes/trizzy/typography.html]
[www.vasterad.com/themes/trizzy/pricing-tables.html]
[www.vasterad.com/themes/trizzy/icons.html]
[www.vasterad.com/themes/trizzy/portfolio-3-columns.html]
[www.vasterad.com/themes/trizzy/portfolio-4-columns.html]
[www.vasterad.com/themes/trizzy/images/portfolio/single-project-half-01-big.jpg]
[www.vasterad.com/themes/trizzy/images/portfolio/single-project-half-01.jpg]
[www.vasterad.com/themes/trizzy/images/portfolio/single-project-half-02-big.jpg]
[www.vasterad.com/themes/trizzy/images/portfolio/single-project-half-02.jpg]
[www.vasterad.com/themes/trizzy/single-project.html]
[www.vasterad.com/themes/trizzy/images/blog-01.jpg]
[www.vasterad.com/themes/trizzy/images/blog-02-big.jpg]
[www.vasterad.com/themes/trizzy/images/blog-02.jpg]
[www.vasterad.com/themes/trizzy/images/blog-02a-big.jpg]
[www.vasterad.com/themes/trizzy/images/blog-02a.jpg]
[www.vasterad.com/themes/trizzy/images/blog-03.jpg]
[www.vasterad.com/themes/trizzy/images/blog-widget-01.png]
[www.vasterad.com/themes/trizzy/images/blog-widget-02.png]
[www.vasterad.com/themes/trizzy/images/blog-widget-03.png]
[www.vasterad.com/themes/trizzy/images/blog-widget-04.png]
[www.vasterad.com/themes/trizzy/images/blog-widget-05.png]
[www.vasterad.com/themes/trizzy/images/blog-widget-06.png]
[www.vasterad.com/themes/trizzy/blog-standard.html]
[www.vasterad.com/themes/trizzy/images/blog-01-big.jpg]
[www.vasterad.com/themes/trizzy/blog-single-post.html]
[www.vasterad.com/themes/trizzy/singlee-product-page.html]
[www.vasterad.com/themes/trizzy/css/base.css]
[www.vasterad.com/themes/trizzy/css/responsive.css]
[www.vasterad.com/themes/trizzy/fonts/fontawesome-webfont862f.eot]
[www.vasterad.com/themes/trizzy/fonts/fontawesome-webfontd41d.eot]
[www.vasterad.com/themes/trizzy/fonts/fontawesome-webfont862f.woff]
[www.vasterad.com/themes/trizzy/fonts/fontawesome-webfont862f.ttf]
[www.vasterad.com/themes/trizzy/css/font-awesome.css]
[www.vasterad.com/themes/trizzy/fonts/fontello0bee.svg]
[www.vasterad.com/themes/trizzy/images/coloredbg.html]
[www.vasterad.com/themes/trizzy/css/grab.html]
[www.vasterad.com/themes/trizzy/css/grabbing.html]
[www.vasterad.com/themes/trizzy/css/blank.html]
[www.vasterad.com/themes/trizzy/images/preloader.html]
[www.vasterad.com/themes/trizzy/checkout-delivery.html]
[www.vasterad.com/themes/trizzy/checkout-payment-order-review.html]
[www.vasterad.com/themes/trizzy/single-project-half.html]
[www.vasterad.com/themes/trizzy/fonts/fontawesome-webfont862f.svg]
